# n_seqs: 2
# max_seq_len: 4
<Uff20> <U73> <U61> <U73> : "\"\\"
<Uff20> <U73> <U65> <U71> : "!" # U21
